Traceback (most recent call last):
  File "<frozen runpy>", line 198, in _run_module_as_main
  File "<frozen runpy>", line 88, in _run_code
  File "C:\Program Files\Python313\Lib\http\server.py", line 1320, in <module>
    test(
    ~~~~^
        HandlerClass=handler_class,
        ^^^^^^^^^^^^^^^^^^^^^^^^^^^
    ...<3 lines>...
        protocol=args.protocol,
        ^^^^^^^^^^^^^^^^^^^^^^^
    )
    ^
  File "C:\Program Files\Python313\Lib\http\server.py", line 1267, in test
    with ServerClass(addr, HandlerClass) as httpd:
         ~~~~~~~~~~~^^^^^^^^^^^^^^^^^^^^
  File "C:\Program Files\Python313\Lib\socketserver.py", line 457, in __init__
    self.server_bind()
    ~~~~~~~~~~~~~~~~^^
  File "C:\Program Files\Python313\Lib\http\server.py", line 1314, in server_bind
    return super().server_bind()
           ~~~~~~~~~~~~~~~~~~~^^
  File "C:\Program Files\Python313\Lib\http\server.py", line 136, in server_bind
    socketserver.TCPServer.server_bind(self)
    ~~~~~~~~~~~~~~~~~~~~~~~~~~~~~~~~~~^^^^^^
  File "C:\Program Files\Python313\Lib\socketserver.py", line 478, in server_bind
    self.socket.bind(self.server_address)
    ~~~~~~~~~~~~~~~~^^^^^^^^^^^^^^^^^^^^^
PermissionError: [WinError 10013] An attempt was made to access a socket in a way forbidden by its access permissions
